14464	SMPLB	0/1	regulatory_region_variant
14469	SMPLB	0/1	regulatory_region_variant
14522	SMPLB	0/1	non_coding_transcript_exon_variant
