14464	regulatory_region_variant
14469	regulatory_region_variant
14522	non_coding_transcript_exon_variant
